// Jest Snapshot v1, https://goo.gl/fbAQLP

exports[`AppComponent render 1`] = `
<Router
  history={
    Object {
      "action": "POP",
      "block": [Function],
      "createHref": [Function],
      "go": [Function],
      "goBack": [Function],
      "goForward": [Function],
      "length": 1,
      "listen": [Function],
      "location": Object {
        "hash": "",
        "pathname": "/",
        "search": "",
        "state": undefined,
      },
      "push": [Function],
      "replace": [Function],
    }
  }
>
  <QueryClientProvider
    client={
      QueryClient {
        "defaultOptions": Object {},
        "mutationCache": MutationCache {
          "config": Object {},
          "listeners": Array [],
          "mutationId": 0,
          "mutations": Array [],
        },
        "mutationDefaults": Array [],
        "queryCache": QueryCache {
          "config": Object {},
          "listeners": Array [],
          "queries": Array [],
          "queriesMap": Object {},
        },
        "queryDefaults": Array [],
      }
    }
  >
    <AppComponent />
  </QueryClientProvider>
</Router>
`;
